// Jest Snapshot v1, https://goo.gl/fbAQLP

exports[`ReactMasonryInfinite correctly render 1`] = `
<div>
  <div
    className="layout"
    style={Object {}}
  >
    <div>
      1
    </div>
    <div>
      2
    </div>
    <div>
      3
    </div>
    <div>
      4
    </div>
    <div>
      5
    </div>
    <div>
      6
    </div>
  </div>
</div>
`;
